Welcome to the world of MtmChkin!!!
Please enter team size: (2-6)
Please insert the player name and class: 
You have entered an invalid class. Please try again.
You have entered an invalid class. Please try again.
Please insert the player name and class: 

-------------------------------------------
Start of round 1:

Start of matamDalf's turn: 
Player matamDalf has defeated Goblin and rose 1 Level!
Start of rocky's turn: 
Player rocky has defeated Vampire and rose 1 Level!

The current ranking of the Team:
Ranking    Player Name     Level     Force HP    Coins Job
1          matamDalf       2         5     100   12    Wizard  
2          rocky           2         5     100   12    Fighter  

-------------------------------------------
Start of round 2:

Start of matamDalf's turn: 
Player matamDalf has defeated Goblin and rose 1 Level!
Start of rocky's turn: 
Player rocky has defeated Goblin and rose 1 Level!

The current ranking of the Team:
Ranking    Player Name     Level     Force HP    Coins Job
1          matamDalf       3         5     100   14    Wizard  
2          rocky           3         5     100   14    Fighter  

-------------------------------------------
Start of round 3:

Start of matamDalf's turn: 
Player matamDalf has been defeated by a Dragon.
Start of rocky's turn: 
Player rocky has defeated Goblin and rose 1 Level!

The current ranking of the Team:
Ranking    Player Name     Level     Force HP    Coins Job
1          rocky           4         5     100   16    Fighter  
2          matamDalf       3         5     0     14    Wizard  

-------------------------------------------
Start of round 4:

Start of rocky's turn: 
Player rocky has defeated Vampire and rose 1 Level!

The current ranking of the Team:
Ranking    Player Name     Level     Force HP    Coins Job
1          rocky           5         5     100   18    Fighter  
2          matamDalf       3         5     0     14    Wizard  

-------------------------------------------
Start of round 5:

Start of rocky's turn: 
Player rocky has defeated Goblin and rose 1 Level!

The current ranking of the Team:
Ranking    Player Name     Level     Force HP    Coins Job
1          rocky           6         5     100   20    Fighter  
2          matamDalf       3         5     0     14    Wizard  

-------------------------------------------
Start of round 6:

Start of rocky's turn: 
Player rocky has defeated Goblin and rose 1 Level!

The current ranking of the Team:
Ranking    Player Name     Level     Force HP    Coins Job
1          rocky           7         5     100   22    Fighter  
2          matamDalf       3         5     0     14    Wizard  

-------------------------------------------
Start of round 7:

Start of rocky's turn: 
Player rocky has been defeated by a Dragon.
The Game has ended!!!

The current ranking of the Team:
Ranking    Player Name     Level     Force HP    Coins Job
1          rocky           7         5     0     22    Fighter  
2          matamDalf       3         5     0     14    Wizard  
